\BOOKMARK [1][-]{section.1}{\376\377\000I\000n\000t\000r\000o\000d\000u\000c\000t\000i\000o\000n}{}% 1
\BOOKMARK [2][-]{subsection.1.1}{\376\377\000T\000h\000e\000\040\000R\000e\000s\000e\000a\000r\000c\000h\000\040\000Q\000u\000e\000s\000t\000i\000o\000n}{section.1}% 2
\BOOKMARK [2][-]{subsection.1.2}{\376\377\000S\000u\000m\000m\000a\000r\000y\000\040\000o\000f\000\040\000F\000i\000n\000d\000i\000n\000g\000s}{section.1}% 3
\BOOKMARK [1][-]{section.2}{\376\377\000B\000a\000c\000k\000g\000r\000o\000u\000n\000d\000:\000\040\000T\000h\000e\000\040\000F\000o\000r\000m\000a\000l\000\040\000V\000e\000r\000i\000f\000i\000c\000a\000t\000i\000o\000n\000\040\000B\000o\000t\000t\000l\000e\000n\000e\000c\000k}{}% 4
\BOOKMARK [2][-]{subsection.2.1}{\376\377\000R\000e\000l\000a\000t\000e\000d\000\040\000S\000y\000s\000t\000e\000m\000s}{section.2}% 5
\BOOKMARK [1][-]{section.3}{\376\377\000T\000h\000e\000\040\000E\000x\000e\000c\000u\000t\000i\000o\000n\000\040\000S\000u\000b\000s\000t\000r\000a\000t\000e\000:\000\040\000L\000S\000P\000\040\000a\000n\000d\000\040\000R\000E\000P\000L\000\040\000D\000i\000s\000c\000i\000p\000l\000i\000n\000e\000s}{}% 6
\BOOKMARK [2][-]{subsection.3.1}{\376\377\000T\000w\000o\000\040\000W\000a\000y\000s\000\040\000t\000o\000\040\000T\000a\000l\000k\000\040\000t\000o\000\040\000a\000\040\000P\000r\000o\000o\000f\000\040\000A\000s\000s\000i\000s\000t\000a\000n\000t}{section.3}% 7
\BOOKMARK [2][-]{subsection.3.2}{\376\377\000T\000h\000e\000\040\000D\000i\000v\000i\000s\000i\000o\000n\000\040\000o\000f\000\040\000L\000a\000b\000o\000u\000r\000\040\000i\000n\000\040\000L\000e\000a\000k}{section.3}% 8
\BOOKMARK [2][-]{subsection.3.3}{\376\377\000W\000h\000y\000\040\000t\000h\000e\000\040\000D\000i\000s\000t\000i\000n\000c\000t\000i\000o\000n\000\040\000H\000a\000s\000\040\000S\000t\000r\000a\000t\000e\000g\000i\000c\000\040\000C\000o\000n\000s\000e\000q\000u\000e\000n\000c\000e\000s}{section.3}% 9
\BOOKMARK [1][-]{section.4}{\376\377\000G\000e\000n\000e\000r\000a\000t\000i\000o\000n\000\040\000O\000n\000e\000:\000\040\000A\000\040\000L\000i\000n\000e\000a\000r\000\040\000R\000e\000A\000c\000t\000\040\000A\000r\000c\000h\000i\000t\000e\000c\000t\000u\000r\000e\000\040\000f\000o\000r\000\040\000C\000o\000m\000p\000a\000c\000t\000\040\000M\000o\000d\000e\000l\000s}{}% 10
\BOOKMARK [2][-]{subsection.4.1}{\376\377\000F\000o\000u\000n\000d\000a\000t\000i\000o\000n\000-\000M\000o\000d\000e\000l\000\040\000E\000c\000o\000n\000o\000m\000i\000c\000s}{section.4}% 11
\BOOKMARK [2][-]{subsection.4.2}{\376\377\000T\000h\000e\000\040\000T\000h\000o\000u\000g\000h\000t\040\023\000A\000c\000t\000i\000o\000n\040\023\000O\000b\000s\000e\000r\000v\000a\000t\000i\000o\000n\000\040\000L\000o\000o\000p}{section.4}% 12
\BOOKMARK [2][-]{subsection.4.3}{\376\377\000T\000h\000e\000\040\000C\000a\000s\000e\000\040\000A\000g\000a\000i\000n\000s\000t\000\040\000T\000r\000e\000e\000\040\000S\000e\000a\000r\000c\000h\000\040\000a\000t\000\040\000S\000m\000a\000l\000l\000\040\000S\000c\000a\000l\000e}{section.4}% 13
\BOOKMARK [2][-]{subsection.4.4}{\376\377\000T\000h\000e\000\040\000L\000e\000a\000k\000\040\000S\000t\000a\000c\000k\000,\000\040\000V\000e\000r\000s\000i\000o\000n\000\040\000O\000n\000e}{section.4}% 14
\BOOKMARK [3][-]{subsubsection.4.4.1}{\376\377\000L\000e\000a\000k\000-\000I\000:\000\040\000M\000a\000t\000h\000e\000m\000a\000t\000i\000c\000a\000l\000\040\000I\000n\000f\000o\000r\000m\000a\000t\000i\000o\000n\000\040\000R\000e\000t\000r\000i\000e\000v\000a\000l}{subsection.4.4}% 15
\BOOKMARK [3][-]{subsubsection.4.4.2}{\376\377\000L\000e\000a\000k\000-\000I\000I\000:\000\040\000P\000e\000r\000s\000i\000s\000t\000e\000n\000t\000\040\000E\000x\000e\000c\000u\000t\000i\000o\000n\000\040\000D\000a\000e\000m\000o\000n\000\040\000a\000n\000d\000\040\000S\000t\000a\000t\000e\000\040\000T\000r\000a\000c\000k\000i\000n\000g}{subsection.4.4}% 16
\BOOKMARK [3][-]{subsubsection.4.4.3}{\376\377\000L\000e\000a\000k\000-\000I\000I\000I\000:\000\040\000S\000t\000r\000a\000t\000e\000g\000i\000c\000\040\000T\000a\000c\000t\000i\000c\000\040\000P\000r\000o\000p\000o\000s\000a\000l}{subsection.4.4}% 17
\BOOKMARK [1][-]{section.5}{\376\377\000G\000e\000n\000e\000r\000a\000t\000i\000o\000n\000\040\000O\000n\000e\000:\000\040\000E\000m\000p\000i\000r\000i\000c\000a\000l\000\040\000F\000i\000n\000d\000i\000n\000g\000s}{}% 18
\BOOKMARK [2][-]{subsection.5.1}{\376\377\000T\000h\000e\000\040\000F\000i\000v\000e\000-\000b\000y\000-\000F\000i\000v\000e\000\040\000S\000u\000c\000c\000e\000s\000s\000\040\000R\000e\000g\000i\000o\000n}{section.5}% 19
\BOOKMARK [2][-]{subsection.5.2}{\376\377\000C\000a\000s\000e\000\040\000S\000t\000u\000d\000i\000e\000s}{section.5}% 20
\BOOKMARK [3][-]{subsubsection.5.2.1}{\376\377\000A\000l\000g\000e\000b\000r\000a\000i\000c\000\040\000i\000d\000e\000n\000t\000i\000t\000i\000e\000s}{subsection.5.2}% 21
\BOOKMARK [3][-]{subsubsection.5.2.2}{\376\377\000I\000n\000d\000u\000c\000t\000i\000v\000e\000\040\000i\000n\000e\000q\000u\000a\000l\000i\000t\000i\000e\000s}{subsection.5.2}% 22
\BOOKMARK [3][-]{subsubsection.5.2.3}{\376\377\000T\000y\000p\000e\000\040\000t\000h\000e\000o\000r\000y\000\040\000a\000n\000d\000\040\000s\000u\000r\000j\000e\000c\000t\000i\000v\000i\000t\000y}{subsection.5.2}% 23
\BOOKMARK [1][-]{section.6}{\376\377\000F\000a\000i\000l\000u\000r\000e\000\040\000A\000n\000a\000l\000y\000s\000i\000s\000:\000\040\000L\000o\000o\000p\000\040\000E\000s\000c\000a\000p\000e\000\040\000a\000n\000d\000\040\000R\000o\000l\000e\000\040\000H\000i\000j\000a\000c\000k\000i\000n\000g}{}% 24
\BOOKMARK [2][-]{subsection.6.1}{\376\377\000T\000h\000e\000\040\000`\000`\000F\000i\000l\000l\000\040\000i\000n\000\040\000t\000h\000e\000\040\000G\000a\000p\000'\000'\000\040\000I\000n\000c\000i\000d\000e\000n\000t}{section.6}% 25
\BOOKMARK [2][-]{subsection.6.2}{\376\377\000M\000e\000c\000h\000a\000n\000i\000c\000s\000\040\000a\000n\000d\000\040\000S\000e\000c\000u\000r\000i\000t\000y\000\040\000C\000l\000a\000s\000s\000i\000f\000i\000c\000a\000t\000i\000o\000n}{section.6}% 26
\BOOKMARK [2][-]{subsection.6.3}{\376\377\000T\000h\000e\000\040\000L\000e\000s\000s\000o\000n\000:\000\040\000A\000n\000\040\000E\000x\000i\000t\000\040\000M\000u\000s\000t\000\040\000B\000e\000\040\000E\000a\000r\000n\000e\000d}{section.6}% 27
\BOOKMARK [1][-]{section.7}{\376\377\000G\000e\000n\000e\000r\000a\000t\000i\000o\000n\000\040\000T\000w\000o\000:\000\040\000V\000e\000r\000i\000f\000i\000e\000d\000\040\000D\000e\000c\000o\000m\000p\000o\000s\000i\000t\000i\000o\000n\000\040\000a\000t\000\040\000S\000c\000a\000l\000e}{}% 28
\BOOKMARK [2][-]{subsection.7.1}{\376\377\000W\000h\000a\000t\000\040\000C\000h\000a\000n\000g\000e\000d\000\040\000a\000n\000d\000\040\000W\000h\000y}{section.7}% 29
\BOOKMARK [2][-]{subsection.7.2}{\376\377\000T\000h\000e\000\040\000S\000t\000a\000c\000k\000,\000\040\000R\000e\000v\000i\000s\000e\000d}{section.7}% 30
\BOOKMARK [2][-]{subsection.7.3}{\376\377\000T\000h\000e\000\040\000R\000e\000s\000e\000a\000r\000c\000h\000-\000M\000o\000d\000e\000\040\000P\000r\000o\000t\000o\000c\000o\000l}{section.7}% 31
\BOOKMARK [2][-]{subsection.7.4}{\376\377\000T\000h\000e\000\040\000R\000e\000g\000i\000s\000t\000r\000y\000\040\000P\000r\000i\000n\000c\000i\000p\000l\000e}{section.7}% 32
\BOOKMARK [2][-]{subsection.7.5}{\376\377\000I\000n\000-\000C\000o\000n\000t\000e\000x\000t\000\040\000D\000e\000c\000o\000m\000p\000o\000s\000i\000t\000i\000o\000n\000:\000\040\000T\000h\000e\000\040\000h\000a\000v\000e\000\040\000S\000t\000r\000a\000t\000e\000g\000y}{section.7}% 33
\BOOKMARK [2][-]{subsection.7.6}{\376\377\000T\000h\000e\000\040\000H\000a\000v\000e\000-\000T\000r\000e\000e\000\040\000O\000r\000c\000h\000e\000s\000t\000r\000a\000t\000o\000r}{section.7}% 34
\BOOKMARK [2][-]{subsection.7.7}{\376\377\000P\000r\000o\000v\000e\000-\000o\000r\000-\000S\000p\000l\000i\000t\000\040\000L\000e\000m\000m\000a\000\040\000T\000r\000e\000e\000s}{section.7}% 35
\BOOKMARK [1][-]{section.8}{\376\377\000T\000h\000e\000\040\000S\000t\000r\000a\000t\000e\000g\000y\000\040\000R\000e\000g\000i\000s\000t\000r\000y}{}% 36
\BOOKMARK [2][-]{subsection.8.1}{\376\377\000F\000a\000m\000i\000l\000y\000\040\000Z\000e\000r\000o\000:\000\040\000F\000l\000a\000t\000\040\000B\000a\000s\000e\000l\000i\000n\000e\000s}{section.8}% 37
\BOOKMARK [2][-]{subsection.8.2}{\376\377\000F\000a\000m\000i\000l\000y\000\040\000O\000n\000e\000:\000\040\000S\000i\000n\000g\000l\000e\000-\000C\000o\000n\000t\000e\000x\000t\000\040\000S\000t\000r\000a\000t\000e\000g\000i\000e\000s}{section.8}% 38
\BOOKMARK [2][-]{subsection.8.3}{\376\377\000F\000a\000m\000i\000l\000y\000\040\000T\000w\000o\000:\000\040\000T\000h\000e\000\040\000S\000t\000r\000o\000n\000g\000h\000o\000l\000d\000\040\000L\000i\000n\000e}{section.8}% 39
\BOOKMARK [2][-]{subsection.8.4}{\376\377\000F\000a\000m\000i\000l\000y\000\040\000T\000h\000r\000e\000e\000:\000\040\000B\000l\000u\000e\000p\000r\000i\000n\000t\000\040\000R\000e\000f\000i\000n\000e\000m\000e\000n\000t}{section.8}% 40
\BOOKMARK [2][-]{subsection.8.5}{\376\377\000C\000r\000o\000s\000s\000-\000C\000u\000t\000t\000i\000n\000g\000\040\000M\000e\000c\000h\000a\000n\000i\000s\000m\000s}{section.8}% 41
\BOOKMARK [1][-]{section.9}{\376\377\000G\000e\000n\000e\000r\000a\000t\000i\000o\000n\000\040\000T\000w\000o\000:\000\040\000E\000m\000p\000i\000r\000i\000c\000a\000l\000\040\000R\000e\000s\000u\000l\000t\000s\000\040\040\024\000\040\000T\000h\000e\000\040\000C\000o\000m\000p\000e\000t\000e\000M\000a\000t\000h\000\040\000C\000o\000r\000p\000u\000s}{}% 42
\BOOKMARK [2][-]{subsection.9.1}{\376\377\000D\000e\000p\000l\000o\000y\000m\000e\000n\000t\000\040\000C\000o\000n\000t\000e\000x\000t}{section.9}% 43
\BOOKMARK [2][-]{subsection.9.2}{\376\377\000C\000o\000r\000p\000u\000s\000\040\000S\000t\000a\000t\000i\000s\000t\000i\000c\000s}{section.9}% 44
\BOOKMARK [2][-]{subsection.9.3}{\376\377\000C\000a\000s\000e\000\040\000S\000t\000u\000d\000y\000:\000\040\000F\000o\000r\000m\000a\000l\000i\000s\000i\000n\000g\000\040\000t\000h\000e\000\040\000A\000r\000g\000u\000m\000e\000n\000t\000\040\000P\000r\000i\000n\000c\000i\000p\000l\000e\000\040\000o\000n\000\040\000D\000e\000m\000a\000n\000d}{section.9}% 45
\BOOKMARK [2][-]{subsection.9.4}{\376\377\000C\000a\000s\000e\000\040\000S\000t\000u\000d\000y\000:\000\040\000C\000o\000u\000n\000t\000i\000n\000g\000\040\000B\000e\000y\000o\000n\000d\000\040\000E\000n\000u\000m\000e\000r\000a\000t\000i\000o\000n}{section.9}% 46
\BOOKMARK [2][-]{subsection.9.5}{\376\377\000T\000h\000e\000\040\000O\000p\000e\000n\000\040\000R\000e\000s\000i\000d\000u\000e}{section.9}% 47
\BOOKMARK [2][-]{subsection.9.6}{\376\377\000G\000e\000n\000e\000r\000a\000t\000i\000o\000n\000\040\000O\000n\000e\000\040\000v\000e\000r\000s\000u\000s\000\040\000G\000e\000n\000e\000r\000a\000t\000i\000o\000n\000\040\000T\000w\000o}{section.9}% 48
\BOOKMARK [1][-]{section.10}{\376\377\000C\000o\000n\000t\000r\000o\000l\000l\000e\000d\000\040\000E\000v\000a\000l\000u\000a\000t\000i\000o\000n\000\040\000o\000n\000\040\000F\000A\000T\000E\000-\000X}{}% 49
\BOOKMARK [2][-]{subsection.10.1}{\376\377\000T\000h\000e\000\040\000B\000e\000n\000c\000h\000m\000a\000r\000k}{section.10}% 50
\BOOKMARK [2][-]{subsection.10.2}{\376\377\000P\000r\000e\000p\000r\000o\000c\000e\000s\000s\000i\000n\000g}{section.10}% 51
\BOOKMARK [2][-]{subsection.10.3}{\376\377\000E\000x\000p\000e\000r\000i\000m\000e\000n\000t\000a\000l\000\040\000P\000r\000o\000t\000o\000c\000o\000l}{section.10}% 52
\BOOKMARK [2][-]{subsection.10.4}{\376\377\000R\000e\000s\000u\000l\000t\000s}{section.10}% 53
\BOOKMARK [2][-]{subsection.10.5}{\376\377\000S\000t\000r\000a\000t\000e\000g\000y\000\040\000C\000o\000m\000p\000a\000r\000i\000s\000o\000n}{section.10}% 54
\BOOKMARK [2][-]{subsection.10.6}{\376\377\000T\000h\000e\000\040\000C\000o\000n\000t\000r\000o\000l\000\040\000O\000b\000s\000e\000r\000v\000a\000t\000i\000o\000n}{section.10}% 55
\BOOKMARK [1][-]{section.11}{\376\377\000T\000h\000r\000e\000a\000t\000s\000\040\000t\000o\000\040\000V\000a\000l\000i\000d\000i\000t\000y\000:\000\040\000D\000a\000t\000a\000\040\000C\000o\000n\000t\000a\000m\000i\000n\000a\000t\000i\000o\000n}{}% 56
\BOOKMARK [2][-]{subsection.11.1}{\376\377\000T\000h\000e\000\040\000P\000r\000o\000b\000l\000e\000m\000\040\000I\000s\000\040\000N\000o\000t\000\040\000R\000e\000l\000e\000a\000s\000e\000\040\000T\000i\000m\000i\000n\000g}{section.11}% 57
\BOOKMARK [2][-]{subsection.11.2}{\376\377\000M\000o\000d\000e\000l\000\040\000C\000o\000v\000e\000r\000a\000g\000e}{section.11}% 58
\BOOKMARK [2][-]{subsection.11.3}{\376\377\000P\000r\000o\000p\000o\000s\000e\000d\000\040\000M\000i\000t\000i\000g\000a\000t\000i\000o\000n\000:\000\040\000A\000\040\000D\000i\000f\000f\000i\000c\000u\000l\000t\000y\000-\000M\000a\000t\000c\000h\000e\000d\000\040\000C\000o\000n\000t\000r\000o\000l\000\040\000B\000e\000n\000c\000h\000m\000a\000r\000k}{section.11}% 59
\BOOKMARK [2][-]{subsection.11.4}{\376\377\000W\000h\000a\000t\000\040\000W\000e\000\040\000N\000o\000n\000e\000t\000h\000e\000l\000e\000s\000s\000\040\000C\000l\000a\000i\000m}{section.11}% 60
\BOOKMARK [1][-]{section.12}{\376\377\000D\000i\000s\000c\000u\000s\000s\000i\000o\000n}{}% 61
\BOOKMARK [2][-]{subsection.12.1}{\376\377\000T\000h\000e\000\040\000T\000r\000e\000e\000,\000\040\000R\000e\000h\000a\000b\000i\000l\000i\000t\000a\000t\000e\000d}{section.12}% 62
\BOOKMARK [2][-]{subsection.12.2}{\376\377\000H\000o\000w\000\040\000M\000u\000c\000h\000\040\000D\000o\000e\000s\000\040\000S\000t\000r\000a\000t\000e\000g\000y\000\040\000A\000c\000t\000u\000a\000l\000l\000y\000\040\000B\000u\000y\000?}{section.12}% 63
\BOOKMARK [3][-]{subsubsection.12.2.1}{\376\377\000S\000c\000a\000f\000f\000o\000l\000d\000i\000n\000g\000\040\000T\000h\000a\000t\000\040\000C\000h\000a\000n\000g\000e\000s\000\040\000t\000h\000e\000\040\000I\000n\000f\000o\000r\000m\000a\000t\000i\000o\000n\000\040\000A\000v\000a\000i\000l\000a\000b\000l\000e}{subsection.12.2}% 64
\BOOKMARK [3][-]{subsubsection.12.2.2}{\376\377\000S\000c\000a\000f\000f\000o\000l\000d\000i\000n\000g\000\040\000T\000h\000a\000t\000\040\000O\000n\000l\000y\000\040\000A\000d\000d\000s\000\040\000C\000o\000o\000r\000d\000i\000n\000a\000t\000i\000o\000n}{subsection.12.2}% 65
\BOOKMARK [3][-]{subsubsection.12.2.3}{\376\377\000A\000\040\000N\000o\000t\000e\000\040\000o\000n\000\040\000D\000i\000m\000i\000n\000i\000s\000h\000i\000n\000g\000\040\000R\000e\000t\000u\000r\000n\000s}{subsection.12.2}% 66
\BOOKMARK [1][-]{section.13}{\376\377\000F\000u\000t\000u\000r\000e\000\040\000W\000o\000r\000k}{}% 67
\BOOKMARK [2][-]{subsection.13.1}{\376\377\000C\000o\000m\000p\000l\000e\000t\000i\000n\000g\000\040\000t\000h\000e\000\040\000E\000x\000p\000e\000r\000i\000m\000e\000n\000t}{section.13}% 68
\BOOKMARK [2][-]{subsection.13.2}{\376\377\000R\000e\000m\000o\000v\000i\000n\000g\000\040\000K\000n\000o\000w\000n\000\040\000W\000a\000s\000t\000e}{section.13}% 69
\BOOKMARK [2][-]{subsection.13.3}{\376\377\000S\000t\000r\000e\000n\000g\000t\000h\000e\000n\000i\000n\000g\000\040\000t\000h\000e\000\040\000V\000e\000r\000i\000f\000i\000c\000a\000t\000i\000o\000n\000\040\000I\000n\000t\000e\000r\000f\000a\000c\000e}{section.13}% 70
\BOOKMARK [2][-]{subsection.13.4}{\376\377\000O\000r\000c\000h\000e\000s\000t\000r\000a\000t\000i\000o\000n}{section.13}% 71
\BOOKMARK [2][-]{subsection.13.5}{\376\377\000D\000i\000s\000c\000i\000p\000l\000i\000n\000e}{section.13}% 72
\BOOKMARK [1][-]{section.14}{\376\377\000C\000o\000n\000c\000l\000u\000s\000i\000o\000n}{}% 73
